// Jest Snapshot v1, https://goo.gl/fbAQLP

exports[`Toast when toast is closed renders null 1`] = `
<Toast
  as="info"
  className="custom"
  isCenter={false}
  onDismiss={[Function]}
  open={false}
>
  <Portal>
    <span
      data-portal-entrance="guid-12345"
    >
      <Portal
        containerInfo={
          <div
            class="carbon-portal"
            data-portal-exit="guid-12345"
          >
            <div
              class=""
            >
              <div />
            </div>
          </div>
        }
      >
        <styled.div
          isCenter={false}
        >
          <StyledComponent
            forwardedComponent={
              Object {
                "$$typeof": Symbol(react.forward_ref),
                "attrs": Array [],
                "componentStyle": ComponentStyle {
                  "componentId": "sc-bZQynM",
                  "isStatic": false,
                  "lastClassName": "boMXtV",
                  "rules": Array [
                    "
  ",
                    [Function],
                    "
",
                  ],
                },
                "displayName": "styled.div",
                "foldedComponentIds": Array [],
                "render": [Function],
                "styledComponentId": "sc-bZQynM",
                "target": "div",
                "toString": [Function],
                "warnTooManyClasses": [Function],
                "withComponent": [Function],
              }
            }
            forwardedRef={null}
            isCenter={false}
          >
            <div
              className=""
            >
              <CSSTransitionGroup
                component="div"
                transitionAppear={true}
                transitionAppearTimeout={1600}
                transitionEnter={true}
                transitionEnterTimeout={1500}
                transitionLeave={true}
                transitionLeaveTimeout={500}
                transitionName="toast"
              >
                <TransitionGroup
                  childFactory={[Function]}
                  component="div"
                  transitionAppear={true}
                  transitionAppearTimeout={1600}
                  transitionEnter={true}
                  transitionEnterTimeout={1500}
                  transitionLeave={true}
                  transitionLeaveTimeout={500}
                  transitionName="toast"
                >
                  <div />
                </TransitionGroup>
              </CSSTransitionGroup>
            </div>
          </StyledComponent>
        </styled.div>
      </Portal>
    </span>
  </Portal>
</Toast>
`;
